0 0 0
4 4 2
4 4 4
4 4 4
529 529 529
529 529 529
529 529 529
529 529 529
529 529 529
529 529 529
529 529 529
529 529 529
529 529 529
529 529 529
529 529 529
529 529 529
529 529 529
529 529 529
529 529 529
529 529 529
529 529 529
529 529 529
529 529 529
529 529 529
3233 3233 3233
6627 6627 6627
6731 6731 6731
9989 9989 9989
9989 9989 9989
9989 9989 9989
9989 9989 9989
9989 9989 9989
9989 9989 9989
9989 9989 9989
9989 9989 9989
9989 9989 9989
9989 9989 9989
9989 9989 9989
9989 9989 9989
9989 9989 9989
9989 9989 9989
9989 9989 9989
9989 9989 9989
9989 9989 9989
9989 9989 9989
9989 9989 9989
9989 9989 9989
9989 9989 9989
9989 9989 9989
9989 9989 9989
9989 9989 9989
9989 9989 9989
9989 9989 9989
9989 9989 9989
9989 9989 9989
9989 9989 9989
9989 9989 9989
9989 9989 9989
9989 9989 9989
9989 9989 9989
9989 9989 9989
9989 9989 9989
9989 9989 9989
9989 9989 9989
9989 9989 9989
9989 9989 9989
9989 9989 9989
9989 9989 9989
9989 9989 9989
9989 9989 9989
9989 9989 9989
9989 9989 9989
9989 9989 9989
9989 9989 9989
9989 9989 9989
9989 9989 9989
9989 9989 9989
9989 9989 9989
9989 9989 9989
9989 9989 9989
9989 9989 9989
9989 9989 9989
9989 9989 9989
9989 9989 9989
9989 9989 9989
9989 9989 9989
9989 9989 9989
9989 9989 9989
9989 9989 9989
9989 9989 9989
9989 9989 9989
9989 9989 9989
9989 9989 9989
9989 9989 9989
9989 9989 9989
9989 9989 9989
9989 9989 9989
9989 9989 9989
9989 9989 9989
9989 9989 9989
9989 9989 9989
9989 9989 9989
9989 9989 9989
9989 9989 9989
9989 9989 9989
9989 9989 9989
9989 9989 9989
9989 9989 9989
9989 9989 9989
9989 9989 9989
9989 9989 9989
9989 9989 9989
9989 9989 9989
9989 9989 9989
9989 9989 9989
9989 9989 9989
9989 9989 9989
9989 9989 9989
9989 9989 9989
9989 9989 9989
9989 9989 9989
9989 9989 9989
9989 9989 9989
9989 9989 9989
9989 9989 9989
9989 9989 9989
9989 9989 9989
9989 9989 9989
9989 9989 9989
9989 9989 9989
9989 9989 9989
9989 9989 9989
9989 9989 9989
9989 9989 9989
9989 9989 9989
9989 9989 9989
9989 9989 9989
9989 9989 9991
9991 9991 9991
9993 9993 9993
9993 9993 9993
9993 9995 9995
9995 9995 9995
9995 9997 9997
10239 9997 9997
10465 9999 9999
10689 10467 10241
11357 10687 10649
11919 11353 11353
11921 11899 12061
11923 11903 12063
20865 14769 12947
24271 24893 25235
26357 26419 26639
26363 26645 26649
26371 26651 26655
26377 26655 26655
26377 26657 26657
26377 26657 26657
26377 26657 26657
26377 26657 26657
26377 26657 26657
26377 26657 26657
26397 26657 26657
26397 26657 26657
26397 26659 26657
26397 26659 26657
26401 26661 26659
26401 26661 26661
26401 26661 26661
26401 26661 26661
26401 26681 26661
26401 26681 26661
26401 26681 26661
26401 26681 26661
26401 26681 26701
26401 26681 26701
26401 26681 26701
26401 26681 26701
26401 26681 26701
26401 26681 26701
26401 26681 26701
26401 26681 26701
26401 26681 26701
26401 26681 26701
26401 26681 26701
26401 26681 26701
26401 26683 26701
26401 26685 26701
26401 26685 26701
26401 26685 26701
26401 26685 26701
26401 26685 26701
26403 26685 26701
26403 26685 26703
26403 26685 26703
26403 26685 26703
26403 26685 26703
26403 26685 26703
26405 26685 26703
26405 26685 26705
26405 26685 26705
26405 26685 26705
26405 26685 26705
26405 26685 26705
26405 26685 26705
26405 26685 26705
26405 26685 26705
26405 26685 26705
26405 26685 26705
25887 26167 26187
25887 26167 26187
25887 26167 26187
25887 26167 26187
25887 26167 26187
4 4 4
