W0806 16:28:25.190000 129815 torch/distributed/run.py:851] 
W0806 16:28:25.190000 129815 torch/distributed/run.py:851] *****************************************
W0806 16:28:25.190000 129815 torch/distributed/run.py:851] Setting OMP_NUM_THREADS environment variable for each process to be 1 in default, to avoid your system being overloaded, please further tune the variable for optimal performance in your application as needed. 
W0806 16:28:25.190000 129815 torch/distributed/run.py:851] *****************************************
Fetching 9 files:   0%|          | 0/9 [00:00<?, ?it/s]Fetching 9 files:   0%|          | 0/9 [00:00<?, ?it/s]Fetching 9 files: 100%|██████████| 9/9 [00:00<00:00, 538.91it/s]Fetching 9 files: 100%|██████████| 9/9 [00:00<00:00, 599.31it/s]

Fetching 9 files:   0%|          | 0/9 [00:00<?, ?it/s]Fetching 9 files: 100%|██████████| 9/9 [00:00<00:00, 1532.13it/s]
train data: 880 datasets, 38622 episodes, 18669180 frames, action/state dim 6/6
episode holdout: 4307 episodes across 880 datasets excluded (fraction 0.1, split seed 0)
   790 x cameras ('image', 'image2')
    78 x cameras ('image',)
    10 x cameras ('image2',)
     2 x cameras ('front', 'wrist')
dropped 103 incompatible datasets:
  - 356c/so100_duck_reposition_1 (3 cameras not in {1, 2})
  - 356c/so100_nut_sort_1 (3 cameras not in {1, 2})
  - 356c/so100_rope_reposition_1 (3 cameras not in {1, 2})
  - BobBobbson/so100_BEP_Tactile_Dataset_Finalllly (3 cameras not in {1, 2})
  - CalvinChiff/record-flower (3 cameras not in {1, 2})
  - DanqingZ/filtered_pick_pink (3 cameras not in {1, 2})
  - DanqingZ/filtered_pick_yellow (3 cameras not in {1, 2})
  - DanqingZ/filtered_pick_yellow_pink (3 cameras not in {1, 2})
  - DanqingZ/pick_pink_1 (3 cameras not in {1, 2})
  - DanqingZ/pick_yellow_3 (3 cameras not in {1, 2})
  - DanqingZ/tic_tac_toe_grid_6 (3 cameras not in {1, 2})
  - DanqingZ/tic_tac_toe_grid_combined_2_4_6_7 (3 cameras not in {1, 2})
  - EGLima/pen_task_v3 (3 cameras not in {1, 2})
  - EGLima/pen_task_v5 (3 cameras not in {1, 2})
  - HaloLi0828/record-pick-1 (3 cameras not in {1, 2})
  - LeRobot-worldwide-hackathon/320-Quarter_Brain-lego_picking (3 cameras not in {1, 2})
  - Loki0929/so100_duck (3 cameras not in {1, 2})
  - Loki0929/so100_lan (3 cameras not in {1, 2})
  - MarkusWuenstel/clean-pens (3 cameras not in {1, 2})
  - MarkusWuenstel/distinguish-pens (3 cameras not in {1, 2})
  - MarkusWuenstel/tape-two-cameras (3 cameras not in {1, 2})
  - Matlef/cube_tower_circle (3 cameras not in {1, 2})
  - OmKulkarni/Pick_place_black_boxes (3 cameras not in {1, 2})
  - Rorschach4153/so101_30_fold (3 cameras not in {1, 2})
  - Ryosei2/0617_green30 (3 cameras not in {1, 2})
  - Ryosei2/0617_white30 (3 cameras not in {1, 2})
  - Ryosei2/0619_green50 (3 cameras not in {1, 2})
  - Ryosei2/0619_white50 (3 cameras not in {1, 2})
  - Ryosei2/greenblock0613_0-50 (3 cameras not in {1, 2})
  - Ryosei2/greenblock0617test (3 cameras not in {1, 2})
  - SharkDan/so100_test_3c (3 cameras not in {1, 2})
  - SharkDan/so100_test_f1 (3 cameras not in {1, 2})
  - SharkDan/so100_test_f2 (3 cameras not in {1, 2})
  - SharkDan/so100_test_f3c (3 cameras not in {1, 2})
  - Thorns07/so100_stacking1 (3 cameras not in {1, 2})
  - VoicAndrei/so100_cubes_three_cameras (3 cameras not in {1, 2})
  - VoicAndrei/so100_kitchen (3 cameras not in {1, 2})
  - abhisb/so100_51_ep (3 cameras not in {1, 2})
  - andlyu/newiii_many_y_3d (4 cameras not in {1, 2})
  - andlyu/newiii_salad_cc (4 cameras not in {1, 2})
  - andlyu/newiii_salad_val (4 cameras not in {1, 2})
  - andy309/so100_0311_1152 (3 cameras not in {1, 2})
  - apayan/so100_ball8 (3 cameras not in {1, 2})
  - cerealkiller2527/so101_rayban_quality_assessment_001 (3 cameras not in {1, 2})
  - chenxing1234567890/Test5 (3 cameras not in {1, 2})
  - chenxing1234567890/Test6 (3 cameras not in {1, 2})
  - chenxing1234567890/koch_test (3 cameras not in {1, 2})
  - chirag1701/pick_place_blue_threecams (3 cameras not in {1, 2})
  - chirag1701/pick_place_blue_threecams_more (3 cameras not in {1, 2})
  - chmadran/so100_home_dataset (3 cameras not in {1, 2})
  - dsfsg/bring_bottle (3 cameras not in {1, 2})
  - dsfsg/grasp_pen_and_bottle (3 cameras not in {1, 2})
  - dsfsg/grasp_pens (3 cameras not in {1, 2})
  - duthvik/sputnik_100_18_pick_place_container (3 cameras not in {1, 2})
  - duthvik/sputnik_100_19_pick_place_container (3 cameras not in {1, 2})
  - duthvik/sputnik_100_29_pick_place_surface (3 cameras not in {1, 2})
  - duthvik/sputnik_100_30_pick_place_surface (3 cameras not in {1, 2})
  - duthvik/sputnik_100_32_pour_liquid (3 cameras not in {1, 2})
  - duthvik/sputnik_100_41_custom_tasks (3 cameras not in {1, 2})
  - duthvik/sputnik_100_42_custom_tasks (3 cameras not in {1, 2})
  - duthvik/sputnik_100_43_custom_tasks (3 cameras not in {1, 2})
  - duthvik/sputnik_100_44_custom_tasks (3 cameras not in {1, 2})
  - duthvik/sputnik_100_45_custom_tasks (3 cameras not in {1, 2})
  - duthvik/sputnik_100_47_custom_tasks (3 cameras not in {1, 2})
  - duthvik/sputnik_100_51_kitchen_tasks (3 cameras not in {1, 2})
  - duthvik/sputnik_100_52_kitchen_tasks (3 cameras not in {1, 2})
  - duthvik/sputnik_100_53_kitchen_tasks (3 cameras not in {1, 2})
  - duthvik/sputnik_100_64_kitchen_tasks (3 cameras not in {1, 2})
  - duthvik/sputnik_100_65_kitchen_tasks (3 cameras not in {1, 2})
  - duthvik/sputnik_100_66_kitchen_tasks (3 cameras not in {1, 2})
  - duthvik/sputnik_100_67_kitchen_tasks (3 cameras not in {1, 2})
  - duthvik/sputnik_100_69_creative_tasks (3 cameras not in {1, 2})
  - duthvik/sputnik_100_70_creative_tasks (3 cameras not in {1, 2})
  - duthvik/sputnik_100_71_creative_tasks (3 cameras not in {1, 2})
  - hrhraj/so100_lego_figure_with_boxes (3 cameras not in {1, 2})
  - jiajun001/eraser00_3 (3 cameras not in {1, 2})
  - jiajun001/eraser01_3 (3 cameras not in {1, 2})
  - liyitenga/so100_pick_taffy10 (3 cameras not in {1, 2})
  - liyitenga/so100_pick_taffy7 (3 cameras not in {1, 2})
  - maximilienroberti/so100_lego_red_box (3 cameras not in {1, 2})
  - pandaRQ/pick_med_1 (3 cameras not in {1, 2})
  - pandaRQ/pickmed (3 cameras not in {1, 2})
  - pbvr/so101_test002 (3 cameras not in {1, 2})
  - pbvr/so101_test003 (3 cameras not in {1, 2})
  - pranavsaroha/so100_medicine_0605 (3 cameras not in {1, 2})
  - pranavsaroha/so100_medicine_0611 (3 cameras not in {1, 2})
  - ryanpennings/so100_pegcrate_d1b (3 cameras not in {1, 2})
  - ryanpennings/so100_pegcrate_e1 (3 cameras not in {1, 2})
  - shuohsuan/grasp_data_tsg_50 (3 cameras not in {1, 2})
  - shylee/pengripE (3 cameras not in {1, 2})
  - shylee/so100_cube (3 cameras not in {1, 2})
  - shylee/so100_gauze (3 cameras not in {1, 2})
  - shylee/so100_pengripA (3 cameras not in {1, 2})
  - shylee/so100_pengripB (3 cameras not in {1, 2})
  - shylee/so100_pengripC (3 cameras not in {1, 2})
  - shylee/so100_pengripF (3 cameras not in {1, 2})
  - shylee/so100_pengripG (3 cameras not in {1, 2})
  - tfoldi/so100_glass_4 (3 cameras not in {1, 2})
  - triton7777/so100_dataset_mix (4 cameras not in {1, 2})
  - un1c0rnio/so101_eraser_mat1 (3 cameras not in {1, 2})
  - un1c0rnio/so101_sock_stowing_3pair2 (3 cameras not in {1, 2})
  - wannrrr/etnai-record (3 cameras not in {1, 2})
  - ycdamn1988/so100_0517 (3 cameras not in {1, 2})
episode annotations: 42910 labeled episode(s); instruction augment p=0.5, conditioning ['subgoal', 'outcome', 'smoothness'] (dropout 0.1, subgoal 0.5)
camera kinds: 1672 tagged camera(s) across 880 dataset(s); untagged render 'unknown' (kind dropout 0.1)
prompt state token FROZEN (no gradient path through a no-grad prefix encode): inert at zero init, live if --backbone-init-from supplies a trained projection
model: frozen backbone (15 layers, streams residual taps (0, 1, 2, 3, 4, 5, 6, 7, 8, 9, 10, 11, 12, 13, 14)) + fp32 flow decoder (498.1M params, schedule residual res0..res14 (1:1 ascending, learned adapters))
ddp: 3 ranks, global batch 96 (32/rank), 20 dataloader workers/rank
stage-2 init: ADAPTED backbone + prompt state_proj from outputs/train/bijou_arb_rcond_100k_ddp4/step_100000 (frozen bf16); decoder built fresh
eval probe: 256 of 2086287 held-out-episode frames (seed 0), sharded over 3 rank(s) in batches of 32
train probe: 256 of 18669180 training frames (seed 0)
{"step": 20, "loss": 1.9569, "grad_norm": 3.39, "lr": 4.2000000000000004e-06, "samples": 1920, "s_per_step": 11.397}
{"step": 40, "loss": 1.9945, "grad_norm": 3.83, "lr": 8.200000000000001e-06, "samples": 3840, "s_per_step": 0.551}
{"step": 60, "loss": 1.8997, "grad_norm": 5.798, "lr": 1.22e-05, "samples": 5760, "s_per_step": 0.551}
{"step": 80, "loss": 1.7497, "grad_norm": 7.921, "lr": 1.62e-05, "samples": 7680, "s_per_step": 0.553}
{"step": 100, "loss": 1.5196, "grad_norm": 8.254, "lr": 2.0200000000000003e-05, "samples": 9600, "s_per_step": 0.546}
{"step": 120, "loss": 1.2578, "grad_norm": 7.998, "lr": 2.4200000000000002e-05, "samples": 11520, "s_per_step": 0.541}
{"step": 140, "loss": 1.0172, "grad_norm": 7.313, "lr": 2.8199999999999998e-05, "samples": 13440, "s_per_step": 0.54}
{"step": 160, "loss": 0.8021, "grad_norm": 6.742, "lr": 3.2200000000000003e-05, "samples": 15360, "s_per_step": 0.543}
{"step": 180, "loss": 0.6723, "grad_norm": 5.829, "lr": 3.62e-05, "samples": 17280, "s_per_step": 0.53}
{"step": 200, "loss": 0.5592, "grad_norm": 5.002, "lr": 4.02e-05, "samples": 19200, "s_per_step": 0.538}
saved outputs/train/smoke_archB_fullresid_b32/step_000200
/home/ubuntu/flow-matching/.venv/lib/python3.13/site-packages/torch/distributed/c10d_logger.py:83: UserWarning: barrier(): using the device under current context. You can specify `device_id` in `init_process_group` to mute this warning.
  return func(*args, **kwargs)
