0 0 0
4 4 1
4 4 4
4 4 4
529 529 529
529 529 529
529 529 529
529 529 529
529 529 529
529 529 529
529 529 529
529 529 529
529 529 529
529 529 529
529 529 529
529 529 529
529 529 529
529 529 529
529 529 529
529 529 529
529 529 529
529 529 529
529 529 529
529 529 529
3233 3233 3233
6547 6547 6547
7239 7239 7239
9909 9909 9909
9909 9909 9909
9909 9909 9909
9909 9909 9909
9909 9909 9909
9909 9909 9909
9909 9909 9909
9909 9909 9909
9909 9909 9909
9909 9909 9909
9909 9909 9909
9909 9909 9909
9909 9909 9909
9909 9909 9909
9909 9909 9909
9909 9909 9909
9909 9909 9909
9909 9909 9909
9909 9909 9909
9909 9909 9909
9909 9909 9909
9909 9909 9909
9909 9909 9909
9909 9909 9909
9909 9909 9909
9909 9909 9909
9909 9909 9909
9909 9909 9909
9909 9909 9909
9909 9909 9909
9909 9909 9909
9909 9909 9909
9909 9909 9909
9909 9909 9909
9909 9909 9909
9909 9909 9909
9909 9909 9909
9909 9909 9909
9909 9909 9909
9909 9909 9909
9909 9909 9909
9909 9909 9909
9909 9909 9909
9909 9909 9909
9909 9909 9909
9909 9909 9909
9909 9909 9909
9909 9909 9909
9909 9909 9909
9909 9909 9909
9909 9909 9909
9909 9909 9909
9909 9909 9909
9909 9909 9909
9909 9909 9909
9909 9909 9909
9909 9909 9909
9909 9909 9909
9909 9909 9909
9909 9909 9909
9909 9909 9909
9909 9909 9909
9909 9909 9909
9909 9909 9909
9909 9909 9909
9909 9909 9909
9909 9909 9909
9909 9909 9909
9909 9909 9909
9909 9909 9909
9909 9909 9909
9909 9909 9909
9909 9909 9909
9909 9909 9909
9909 9909 9909
9909 9909 9909
9909 9909 9909
9909 9909 9909
9909 9909 9909
9909 9909 9909
9909 9909 9909
9909 9909 9909
9909 9909 9909
9909 9909 9909
9909 9909 9909
9909 9909 9909
9909 9909 9909
9909 9909 9909
9909 9909 9909
9909 9909 9909
9909 9909 9909
9909 9909 9909
9909 9909 9909
9909 9909 9909
9909 9909 9909
9909 9909 9909
9909 9909 9909
9909 9909 9909
9909 9909 9909
9909 9909 9909
9909 9909 9909
9909 9909 9909
9909 9909 9909
9909 9909 9909
9909 9909 9909
9909 9909 9909
9909 9909 9909
9909 9909 9909
9909 9909 9909
9909 9909 9909
9909 9909 9909
9909 9909 9909
9909 9909 9909
9909 9909 9909
9909 9909 9909
9909 9909 9909
9909 9909 9909
9909 9909 9909
9909 9909 9909
9911 9911 9909
9911 9911 9911
9911 9913 9911
9913 9915 9913
9915 9915 9913
9915 10379 9915
9917 12887 9915
10379 12897 9917
11125 14017 9917
11569 14023 9919
12897 14025 9919
14021 14027 10403
14025 14037 11591
14027 16983 11831
17045 16983 14401
17045 16983 14405
17045 16983 14411
18587 18245 19471
21013 21095 21197
22199 22219 22281
22201 22221 22283
22669 22227 22709
22671 22689 22713
22675 22693 22717
22679 22701 22723
22685 22703 22727
22689 22707 22729
22693 22711 22733
22697 22715 22739
22701 22721 22743
22703 22723 22745
22707 22727 22749
22711 22731 22753
22715 22733 22755
22715 22735 22755
22715 22735 22755
22715 22735 22755
22715 22735 22755
22715 22735 22755
22715 22735 22755
22715 22735 22755
22735 22735 22755
22735 22735 22755
22735 22735 22755
22735 22735 22755
22735 22735 22755
22735 22737 22755
22739 22737 22755
22739 22739 22755
22739 22739 22759
22739 22739 22759
22739 22739 22759
22739 22739 22759
22739 22759 22759
22739 22759 22759
22739 22759 22759
22739 22759 22759
22739 22759 22759
22739 22759 22759
22739 22759 22759
22739 22759 22819
22739 22759 22819
22739 22759 22819
22739 22759 22819
22739 22759 22819
22739 22759 22819
22739 22759 22819
22739 22759 22819
22739 22759 22819
22739 22759 22819
22739 22759 22819
22739 22759 22819
22739 22759 22819
22759 22759 22819
22759 22759 22819
22759 22759 22819
22759 22759 22819
22759 22761 22819
22759 22761 22819
22759 22761 22819
22759 22761 22819
22759 22761 22819
22759 22761 22821
22759 22761 22821
22759 22761 22821
22759 22761 22821
22759 22763 22821
22759 22763 22821
22761 22763 22821
22761 22763 22821
22761 22763 22821
22761 22763 22821
22761 22763 22821
22761 22763 22821
22761 22763 22821
22761 22763 22821
22761 22763 22821
22761 22763 22821
22761 22763 22821
22761 22763 22821
22761 22763 22821
22761 22763 22821
22763 22763 22821
22763 22763 22821
22763 22763 22821
22763 22763 22821
22763 22763 22821
22763 22763 22821
22763 22763 22823
22763 22763 22823
22763 22763 22823
22765 22763 22823
22765 22765 22825
22765 22765 22825
22247 22247 22307
22247 22247 22307
22247 22247 22307
22247 22247 22307
22247 22247 22307
22247 22247 22307
22247 22247 22307
4 4 4
