DEBUG 2026-07-31 22:00:59 rt_utils.py:248 Third-party plugin import summary: imported=[] failed=[]
DEBUG 2026-07-31 22:00:59 d_metavar.py:22 Metavar for type None: None
DEBUG 2026-07-31 22:00:59 formatter.py:52 action type: None, Result: , nargs: 0, default metavar: None
DEBUG 2026-07-31 22:00:59 d_metavar.py:22 Metavar for type <class 'str'>: str
DEBUG 2026-07-31 22:00:59 formatter.py:52 action type: <class 'str'>, Result: str, nargs: None, default metavar: None
DEBUG 2026-07-31 22:00:59 _wrapper.py:168 wrapped field at policy_type has a default value of None
DEBUG 2026-07-31 22:00:59 _wrapper.py:168 wrapped field at pretrained_name_or_path has a default value of None
DEBUG 2026-07-31 22:00:59 _wrapper.py:168 wrapped field at actions_per_chunk has a default value of None
DEBUG 2026-07-31 22:00:59 _wrapper.py:168 wrapped field at task has a default value of 
DEBUG 2026-07-31 22:00:59 _wrapper.py:168 wrapped field at server_address has a default value of localhost:8080
DEBUG 2026-07-31 22:00:59 _wrapper.py:168 wrapped field at policy_device has a default value of cpu
DEBUG 2026-07-31 22:00:59 _wrapper.py:168 wrapped field at client_device has a default value of cpu
DEBUG 2026-07-31 22:00:59 _wrapper.py:168 wrapped field at chunk_size_threshold has a default value of 0.5
DEBUG 2026-07-31 22:00:59 _wrapper.py:168 wrapped field at fps has a default value of 30
DEBUG 2026-07-31 22:00:59 _wrapper.py:168 wrapped field at aggregate_fn_name has a default value of weighted_average
DEBUG 2026-07-31 22:00:59 _wrapper.py:168 wrapped field at debug_visualize_queue_size has a default value of False
DEBUG 2026-07-31 22:00:59 _wrapper.py:309 Arg options for field 'policy_type': {'required': False, 'dest': 'policy_type', 'default': None, 'help': 'Policy configuration', 'type': <class 'str'>}
DEBUG 2026-07-31 22:00:59 _wrapper.py:309 Arg options for field 'pretrained_name_or_path': {'required': False, 'dest': 'pretrained_name_or_path', 'default': None, 'type': <class 'str'>}
DEBUG 2026-07-31 22:00:59 d_metavar.py:22 Metavar for type <class 'str'>: str
DEBUG 2026-07-31 22:00:59 formatter.py:52 action type: <class 'str'>, Result: str, nargs: None, default metavar: None
DEBUG 2026-07-31 22:00:59 _wrapper.py:168 wrapped field at robot.port has a default value of None
DEBUG 2026-07-31 22:00:59 _wrapper.py:168 wrapped field at robot.disable_torque_on_disconnect has a default value of True
DEBUG 2026-07-31 22:00:59 _wrapper.py:201 wrapped field at robot.max_relative_target has a default value of None
DEBUG 2026-07-31 22:00:59 _wrapper.py:201 wrapped field at robot.cameras has a default value of {}
DEBUG 2026-07-31 22:00:59 _wrapper.py:168 wrapped field at robot.use_degrees has a default value of True
DEBUG 2026-07-31 22:00:59 _wrapper.py:201 wrapped field at robot.id has a default value of None
DEBUG 2026-07-31 22:00:59 _wrapper.py:201 wrapped field at robot.calibration_dir has a default value of None
DEBUG 2026-07-31 22:00:59 _wrapper.py:168 wrapped field at robot.port has a default value of None
DEBUG 2026-07-31 22:00:59 _wrapper.py:168 wrapped field at robot.disable_torque_on_disconnect has a default value of True
DEBUG 2026-07-31 22:00:59 _wrapper.py:201 wrapped field at robot.max_relative_target has a default value of None
DEBUG 2026-07-31 22:00:59 _wrapper.py:201 wrapped field at robot.cameras has a default value of {}
DEBUG 2026-07-31 22:00:59 _wrapper.py:168 wrapped field at robot.use_degrees has a default value of True
DEBUG 2026-07-31 22:00:59 _wrapper.py:201 wrapped field at robot.id has a default value of None
DEBUG 2026-07-31 22:00:59 _wrapper.py:201 wrapped field at robot.calibration_dir has a default value of None
DEBUG 2026-07-31 22:00:59 _wrapper.py:201 wrapped field at robot.id has a default value of None
DEBUG 2026-07-31 22:00:59 _wrapper.py:201 wrapped field at robot.calibration_dir has a default value of None
DEBUG 2026-07-31 22:00:59 _wrapper.py:168 wrapped field at robot.left_arm_config.port has a default value of None
DEBUG 2026-07-31 22:00:59 _wrapper.py:168 wrapped field at robot.left_arm_config.disable_torque_on_disconnect has a default value of True
DEBUG 2026-07-31 22:00:59 _wrapper.py:201 wrapped field at robot.left_arm_config.max_relative_target has a default value of None
DEBUG 2026-07-31 22:00:59 _wrapper.py:201 wrapped field at robot.left_arm_config.cameras has a default value of {}
DEBUG 2026-07-31 22:00:59 _wrapper.py:168 wrapped field at robot.left_arm_config.use_degrees has a default value of True
DEBUG 2026-07-31 22:00:59 _wrapper.py:168 wrapped field at robot.right_arm_config.port has a default value of None
DEBUG 2026-07-31 22:00:59 _wrapper.py:168 wrapped field at robot.right_arm_config.disable_torque_on_disconnect has a default value of True
DEBUG 2026-07-31 22:00:59 _wrapper.py:201 wrapped field at robot.right_arm_config.max_relative_target has a default value of None
DEBUG 2026-07-31 22:00:59 _wrapper.py:201 wrapped field at robot.right_arm_config.cameras has a default value of {}
DEBUG 2026-07-31 22:00:59 _wrapper.py:168 wrapped field at robot.right_arm_config.use_degrees has a default value of True
DEBUG 2026-07-31 22:00:59 _wrapper.py:201 wrapped field at robot.cameras has a default value of {}
DEBUG 2026-07-31 22:00:59 _wrapper.py:201 wrapped field at robot.id has a default value of None
DEBUG 2026-07-31 22:00:59 _wrapper.py:201 wrapped field at robot.calibration_dir has a default value of None
DEBUG 2026-07-31 22:00:59 _wrapper.py:168 wrapped field at robot.port has a default value of None
DEBUG 2026-07-31 22:00:59 _wrapper.py:168 wrapped field at robot.disable_torque_on_disconnect has a default value of True
DEBUG 2026-07-31 22:00:59 _wrapper.py:201 wrapped field at robot.max_relative_target has a default value of None
DEBUG 2026-07-31 22:00:59 _wrapper.py:201 wrapped field at robot.cameras has a default value of {}
DEBUG 2026-07-31 22:00:59 _wrapper.py:168 wrapped field at robot.use_degrees has a default value of False
DEBUG 2026-07-31 22:00:59 _wrapper.py:201 wrapped field at robot.id has a default value of None
DEBUG 2026-07-31 22:00:59 _wrapper.py:201 wrapped field at robot.calibration_dir has a default value of None
DEBUG 2026-07-31 22:00:59 _wrapper.py:168 wrapped field at robot.port has a default value of None
DEBUG 2026-07-31 22:00:59 _wrapper.py:168 wrapped field at robot.disable_torque_on_disconnect has a default value of True
DEBUG 2026-07-31 22:00:59 _wrapper.py:201 wrapped field at robot.max_relative_target has a default value of None
DEBUG 2026-07-31 22:00:59 _wrapper.py:201 wrapped field at robot.cameras has a default value of {}
DEBUG 2026-07-31 22:00:59 _wrapper.py:168 wrapped field at robot.use_degrees has a default value of False
DEBUG 2026-07-31 22:00:59 docstring.py:65 Couldn't find the attribute docstring: source code not available
DEBUG 2026-07-31 22:00:59 _wrapper.py:309 Arg options for field 'port': {'required': False, 'dest': 'robot.port', 'default': None, 'type': <class 'str'>}
DEBUG 2026-07-31 22:00:59 docstring.py:65 Couldn't find the attribute docstring: source code not available
DEBUG 2026-07-31 22:00:59 _wrapper.py:309 Arg options for field 'disable_torque_on_disconnect': {'required': False, 'dest': 'robot.disable_torque_on_disconnect', 'default': True, 'help': ' ', 'type': <class 'bool'>}
DEBUG 2026-07-31 22:00:59 docstring.py:65 Couldn't find the attribute docstring: source code not available
DEBUG 2026-07-31 22:00:59 _wrapper.py:309 Arg options for field 'max_relative_target': {'required': False, 'dest': 'robot.max_relative_target', 'default': None, 'type': typing.Union[float, typing.Dict[str, float], NoneType]}
DEBUG 2026-07-31 22:00:59 docstring.py:65 Couldn't find the attribute docstring: source code not available
DEBUG 2026-07-31 22:00:59 _wrapper.py:309 Arg options for field 'cameras': {'required': False, 'dest': 'robot.cameras', 'default': {}, 'help': ' ', 'type': typing.Dict[str, lerobot.cameras.configs.CameraConfig]}
DEBUG 2026-07-31 22:00:59 docstring.py:65 Couldn't find the attribute docstring: source code not available
DEBUG 2026-07-31 22:00:59 _wrapper.py:309 Arg options for field 'use_degrees': {'required': False, 'dest': 'robot.use_degrees', 'default': True, 'help': ' ', 'type': <class 'bool'>}
DEBUG 2026-07-31 22:00:59 _wrapper.py:309 Arg options for field 'id': {'required': False, 'dest': 'robot.id', 'default': None, 'help': 'Allows to distinguish between different robots of the same type', 'type': typing.Optional[str]}
DEBUG 2026-07-31 22:00:59 _wrapper.py:309 Arg options for field 'calibration_dir': {'required': False, 'dest': 'robot.calibration_dir', 'default': None, 'help': 'Directory to store calibration file', 'type': typing.Optional[pathlib._local.Path]}
DEBUG 2026-07-31 22:00:59 docstring.py:65 Couldn't find the attribute docstring: source code not available
DEBUG 2026-07-31 22:00:59 _wrapper.py:309 Arg options for field 'port': {'required': False, 'dest': 'robot.port', 'default': None, 'type': <class 'str'>}
DEBUG 2026-07-31 22:00:59 docstring.py:65 Couldn't find the attribute docstring: source code not available
DEBUG 2026-07-31 22:00:59 _wrapper.py:309 Arg options for field 'disable_torque_on_disconnect': {'required': False, 'dest': 'robot.disable_torque_on_disconnect', 'default': True, 'help': ' ', 'type': <class 'bool'>}
DEBUG 2026-07-31 22:00:59 docstring.py:65 Couldn't find the attribute docstring: source code not available
DEBUG 2026-07-31 22:00:59 _wrapper.py:309 Arg options for field 'max_relative_target': {'required': False, 'dest': 'robot.max_relative_target', 'default': None, 'type': typing.Union[float, typing.Dict[str, float], NoneType]}
DEBUG 2026-07-31 22:00:59 docstring.py:65 Couldn't find the attribute docstring: source code not available
DEBUG 2026-07-31 22:00:59 _wrapper.py:309 Arg options for field 'cameras': {'required': False, 'dest': 'robot.cameras', 'default': {}, 'help': ' ', 'type': typing.Dict[str, lerobot.cameras.configs.CameraConfig]}
DEBUG 2026-07-31 22:00:59 docstring.py:65 Couldn't find the attribute docstring: source code not available
DEBUG 2026-07-31 22:00:59 _wrapper.py:309 Arg options for field 'use_degrees': {'required': False, 'dest': 'robot.use_degrees', 'default': True, 'help': ' ', 'type': <class 'bool'>}
DEBUG 2026-07-31 22:00:59 _wrapper.py:309 Arg options for field 'id': {'required': False, 'dest': 'robot.id', 'default': None, 'help': 'Allows to distinguish between different robots of the same type', 'type': typing.Optional[str]}
DEBUG 2026-07-31 22:00:59 _wrapper.py:309 Arg options for field 'calibration_dir': {'required': False, 'dest': 'robot.calibration_dir', 'default': None, 'help': 'Directory to store calibration file', 'type': typing.Optional[pathlib._local.Path]}
DEBUG 2026-07-31 22:00:59 _wrapper.py:309 Arg options for field 'id': {'required': False, 'dest': 'robot.id', 'default': None, 'help': 'Allows to distinguish between different robots of the same type', 'type': typing.Optional[str]}
DEBUG 2026-07-31 22:00:59 _wrapper.py:309 Arg options for field 'calibration_dir': {'required': False, 'dest': 'robot.calibration_dir', 'default': None, 'help': 'Directory to store calibration file', 'type': typing.Optional[pathlib._local.Path]}
DEBUG 2026-07-31 22:00:59 d_metavar.py:22 Metavar for type <class 'str'>: str
DEBUG 2026-07-31 22:00:59 formatter.py:52 action type: <class 'str'>, Result: str, nargs: None, default metavar: None
DEBUG 2026-07-31 22:00:59 _wrapper.py:309 Arg options for field 'port': {'required': False, 'dest': 'robot.left_arm_config.port', 'default': None, 'help': 'Port to connect to the arm', 'type': <class 'str'>}
DEBUG 2026-07-31 22:00:59 _wrapper.py:309 Arg options for field 'disable_torque_on_disconnect': {'required': False, 'dest': 'robot.left_arm_config.disable_torque_on_disconnect', 'default': True, 'help': ' ', 'type': <class 'bool'>}
DEBUG 2026-07-31 22:00:59 _wrapper.py:309 Arg options for field 'max_relative_target': {'required': False, 'dest': 'robot.left_arm_config.max_relative_target', 'default': None, 'help': '`max_relative_target` limits the magnitude of the relative positional target vector for safety purposes.\nSet this to a positive scalar to have the same value for all motors, or a dictionary that maps motor\nnames to the max_relative_target value for that motor.', 'type': typing.Union[float, typing.Dict[str, float], NoneType]}
DEBUG 2026-07-31 22:00:59 _wrapper.py:309 Arg options for field 'cameras': {'required': False, 'dest': 'robot.left_arm_config.cameras', 'default': {}, 'help': 'cameras', 'type': typing.Dict[str, lerobot.cameras.configs.CameraConfig]}
DEBUG 2026-07-31 22:00:59 _wrapper.py:309 Arg options for field 'use_degrees': {'required': False, 'dest': 'robot.left_arm_config.use_degrees', 'default': True, 'help': 'Set to `True` for backward compatibility with previous policies/dataset', 'type': <class 'bool'>}
DEBUG 2026-07-31 22:00:59 d_metavar.py:22 Metavar for type <class 'str'>: str
DEBUG 2026-07-31 22:00:59 formatter.py:52 action type: <class 'str'>, Result: str, nargs: None, default metavar: None
DEBUG 2026-07-31 22:00:59 _wrapper.py:309 Arg options for field 'port': {'required': False, 'dest': 'robot.right_arm_config.port', 'default': None, 'help': 'Port to connect to the arm', 'type': <class 'str'>}
DEBUG 2026-07-31 22:00:59 _wrapper.py:309 Arg options for field 'disable_torque_on_disconnect': {'required': False, 'dest': 'robot.right_arm_config.disable_torque_on_disconnect', 'default': True, 'help': ' ', 'type': <class 'bool'>}
DEBUG 2026-07-31 22:00:59 _wrapper.py:309 Arg options for field 'max_relative_target': {'required': False, 'dest': 'robot.right_arm_config.max_relative_target', 'default': None, 'help': '`max_relative_target` limits the magnitude of the relative positional target vector for safety purposes.\nSet this to a positive scalar to have the same value for all motors, or a dictionary that maps motor\nnames to the max_relative_target value for that motor.', 'type': typing.Union[float, typing.Dict[str, float], NoneType]}
DEBUG 2026-07-31 22:00:59 _wrapper.py:309 Arg options for field 'cameras': {'required': False, 'dest': 'robot.right_arm_config.cameras', 'default': {}, 'help': 'cameras', 'type': typing.Dict[str, lerobot.cameras.configs.CameraConfig]}
DEBUG 2026-07-31 22:00:59 _wrapper.py:309 Arg options for field 'use_degrees': {'required': False, 'dest': 'robot.right_arm_config.use_degrees', 'default': True, 'help': 'Set to `True` for backward compatibility with previous policies/dataset', 'type': <class 'bool'>}
DEBUG 2026-07-31 22:00:59 _wrapper.py:309 Arg options for field 'cameras': {'required': False, 'dest': 'robot.cameras', 'default': {}, 'help': 'Top-level cameras not attached to a specific side. Keys are kept as-is in\nobservations (no `left_`/`right_` prefix). Per-arm cameras (declared on\n`{left,right}_arm_config.cameras`) are prefixed.', 'type': typing.Dict[str, lerobot.cameras.configs.CameraConfig]}
DEBUG 2026-07-31 22:00:59 _wrapper.py:309 Arg options for field 'id': {'required': False, 'dest': 'robot.id', 'default': None, 'help': 'Allows to distinguish between different robots of the same type', 'type': typing.Optional[str]}
DEBUG 2026-07-31 22:00:59 _wrapper.py:309 Arg options for field 'calibration_dir': {'required': False, 'dest': 'robot.calibration_dir', 'default': None, 'help': 'Directory to store calibration file', 'type': typing.Optional[pathlib._local.Path]}
DEBUG 2026-07-31 22:00:59 _wrapper.py:309 Arg options for field 'port': {'required': False, 'dest': 'robot.port', 'default': None, 'help': 'Port to connect to the arm', 'type': <class 'str'>}
DEBUG 2026-07-31 22:00:59 _wrapper.py:309 Arg options for field 'disable_torque_on_disconnect': {'required': False, 'dest': 'robot.disable_torque_on_disconnect', 'default': True, 'help': ' ', 'type': <class 'bool'>}
DEBUG 2026-07-31 22:00:59 _wrapper.py:309 Arg options for field 'max_relative_target': {'required': False, 'dest': 'robot.max_relative_target', 'default': None, 'help': '`max_relative_target` limits the magnitude of the relative positional target vector for safety purposes.\nSet this to a positive scalar to have the same value for all motors, or a dictionary that maps motor\nnames to the max_relative_target value for that motor.', 'type': typing.Union[float, typing.Dict[str, float], NoneType]}
DEBUG 2026-07-31 22:00:59 _wrapper.py:309 Arg options for field 'cameras': {'required': False, 'dest': 'robot.cameras', 'default': {}, 'help': 'cameras', 'type': typing.Dict[str, lerobot.cameras.configs.CameraConfig]}
DEBUG 2026-07-31 22:00:59 _wrapper.py:309 Arg options for field 'use_degrees': {'required': False, 'dest': 'robot.use_degrees', 'default': False, 'help': 'Set to `True` for backward compatibility with previous policies/dataset', 'type': <class 'bool'>}
DEBUG 2026-07-31 22:00:59 _wrapper.py:309 Arg options for field 'id': {'required': False, 'dest': 'robot.id', 'default': None, 'help': 'Allows to distinguish between different robots of the same type', 'type': typing.Optional[str]}
DEBUG 2026-07-31 22:00:59 _wrapper.py:309 Arg options for field 'calibration_dir': {'required': False, 'dest': 'robot.calibration_dir', 'default': None, 'help': 'Directory to store calibration file', 'type': typing.Optional[pathlib._local.Path]}
DEBUG 2026-07-31 22:00:59 _wrapper.py:309 Arg options for field 'port': {'required': False, 'dest': 'robot.port', 'default': None, 'help': 'Port to connect to the arm', 'type': <class 'str'>}
DEBUG 2026-07-31 22:00:59 _wrapper.py:309 Arg options for field 'disable_torque_on_disconnect': {'required': False, 'dest': 'robot.disable_torque_on_disconnect', 'default': True, 'help': ' ', 'type': <class 'bool'>}
DEBUG 2026-07-31 22:00:59 _wrapper.py:309 Arg options for field 'max_relative_target': {'required': False, 'dest': 'robot.max_relative_target', 'default': None, 'help': '`max_relative_target` limits the magnitude of the relative positional target vector for safety purposes.\nSet this to a positive scalar to have the same value for all motors, or a dictionary that maps motor\nnames to the max_relative_target value for that motor.', 'type': typing.Union[float, typing.Dict[str, float], NoneType]}
DEBUG 2026-07-31 22:00:59 _wrapper.py:309 Arg options for field 'cameras': {'required': False, 'dest': 'robot.cameras', 'default': {}, 'help': 'cameras', 'type': typing.Dict[str, lerobot.cameras.configs.CameraConfig]}
DEBUG 2026-07-31 22:00:59 _wrapper.py:309 Arg options for field 'use_degrees': {'required': False, 'dest': 'robot.use_degrees', 'default': False, 'help': 'Set to `True` for backward compatibility with previous policies/dataset', 'type': <class 'bool'>}
DEBUG 2026-07-31 22:00:59 _wrapper.py:309 Arg options for field 'actions_per_chunk': {'required': False, 'dest': 'actions_per_chunk', 'default': None, 'help': 'Policies typically output K actions at max, but we can use less to avoid wasting bandwidth (as actions\nwould be aggregated on the client side anyway, depending on the value of `chunk_size_threshold`)', 'type': <class 'int'>}
DEBUG 2026-07-31 22:00:59 _wrapper.py:309 Arg options for field 'task': {'required': False, 'dest': 'task', 'default': '', 'help': "Task instruction for the robot to execute (e.g., 'fold my tshirt')", 'type': <class 'str'>}
DEBUG 2026-07-31 22:00:59 _wrapper.py:309 Arg options for field 'server_address': {'required': False, 'dest': 'server_address', 'default': 'localhost:8080', 'help': 'Network configuration', 'type': <class 'str'>}
DEBUG 2026-07-31 22:00:59 _wrapper.py:309 Arg options for field 'policy_device': {'required': False, 'dest': 'policy_device', 'default': 'cpu', 'help': 'Device configuration', 'type': <class 'str'>}
DEBUG 2026-07-31 22:00:59 ocstring.py:253 Warning: Unable to parse attribute docstring:         default="cpu",
DEBUG 2026-07-31 22:00:59 _wrapper.py:309 Arg options for field 'client_device': {'required': False, 'dest': 'client_device', 'default': 'cpu', 'help': ' ', 'type': <class 'str'>}
DEBUG 2026-07-31 22:00:59 _wrapper.py:309 Arg options for field 'chunk_size_threshold': {'required': False, 'dest': 'chunk_size_threshold', 'default': 0.5, 'help': '\n\nControl behavior configuration', 'type': <class 'float'>}
DEBUG 2026-07-31 22:00:59 _wrapper.py:309 Arg options for field 'fps': {'required': False, 'dest': 'fps', 'default': 30, 'help': ' ', 'type': <class 'int'>}
DEBUG 2026-07-31 22:00:59 ocstring.py:253 Warning: Unable to parse attribute docstring:         default="weighted_average",
DEBUG 2026-07-31 22:00:59 _wrapper.py:309 Arg options for field 'aggregate_fn_name': {'required': False, 'dest': 'aggregate_fn_name', 'default': 'weighted_average', 'help': 'Aggregate function configuration (CLI-compatible)', 'type': <class 'str'>}
DEBUG 2026-07-31 22:00:59 ocstring.py:253 Warning: Unable to parse attribute docstring:         default=False, metadata={"help": "Visualize the action queue size"}
DEBUG 2026-07-31 22:00:59 _wrapper.py:309 Arg options for field 'debug_visualize_queue_size': {'required': False, 'dest': 'debug_visualize_queue_size', 'default': False, 'help': '\n\n\nDebug configuration', 'type': <class 'bool'>}
DEBUG 2026-07-31 22:00:59 gparsing.py:143 
POST PROCESSING

DEBUG 2026-07-31 22:00:59 gparsing.py:144 (raw) parsed args: Namespace(policy_type='pi05', pretrained_name_or_path='/home/ubuntu/flow-matching/outputs/train/pi05_ft_rig_v2/checkpoints/000500/pretrained_model', server_address='localhost:8080', policy_device='cuda', task='Pick up the toy boat and place it on the wooden disk.', fps='30', actions_per_chunk='50', chunk_size_threshold='0.5', **{'robot.type': 'so101_follower', 'robot.port': '/dev/ttyACM1', 'robot.id': 'follower0', 'robot.max_relative_target': '80', 'robot.cameras': '{ front: {type: opencv, index_or_path: /dev/video6, width: 640, height: 480, fps: 30}, wrist: {type: opencv, index_or_path: /dev/video4, width: 640, height: 480, fps: 30}}'})
DEBUG 2026-07-31 22:00:59 decoding.py:112 from_dict for <class 'lerobot.async_inference.configs.RobotClientConfig'>
DEBUG 2026-07-31 22:00:59 decoding.py:132 Decode name = policy_type, type = <class 'str'>
DEBUG 2026-07-31 22:00:59 decoding.py:132 Decode name = pretrained_name_or_path, type = <class 'str'>
DEBUG 2026-07-31 22:00:59 decoding.py:132 Decode name = robot, type = <class 'lerobot.robots.config.RobotConfig'>
DEBUG 2026-07-31 22:00:59 decoding.py:112 from_dict for <class 'lerobot.robots.so_follower.config_so_follower.SOFollowerRobotConfig'>
DEBUG 2026-07-31 22:00:59 decoding.py:132 Decode name = port, type = <class 'str'>
DEBUG 2026-07-31 22:00:59 decoding.py:132 Decode name = max_relative_target, type = typing.Union[float, dict[str, float], NoneType]
DEBUG 2026-07-31 22:00:59 decoding.py:293 Decoding a Union field: typing.Union[float, dict[str, float], NoneType]
DEBUG 2026-07-31 22:00:59 decoding.py:261 Decoding a Dict field: dict[str, float]
DEBUG 2026-07-31 22:00:59 decoding.py:132 Decode name = cameras, type = dict[str, lerobot.cameras.configs.CameraConfig]
DEBUG 2026-07-31 22:00:59 decoding.py:261 Decoding a Dict field: dict[str, lerobot.cameras.configs.CameraConfig]
DEBUG 2026-07-31 22:00:59 decoding.py:112 from_dict for <class 'lerobot.cameras.opencv.configuration_opencv.OpenCVCameraConfig'>
DEBUG 2026-07-31 22:00:59 decoding.py:132 Decode name = fps, type = typing.Optional[int]
DEBUG 2026-07-31 22:00:59 decoding.py:293 Decoding a Union field: typing.Optional[int]
DEBUG 2026-07-31 22:00:59 decoding.py:132 Decode name = width, type = typing.Optional[int]
DEBUG 2026-07-31 22:00:59 decoding.py:132 Decode name = height, type = typing.Optional[int]
DEBUG 2026-07-31 22:00:59 decoding.py:132 Decode name = index_or_path, type = typing.Union[int, pathlib._local.Path]
DEBUG 2026-07-31 22:00:59 decoding.py:293 Decoding a Union field: typing.Union[int, pathlib._local.Path]
DEBUG 2026-07-31 22:00:59 decoding.py:112 from_dict for <class 'lerobot.cameras.opencv.configuration_opencv.OpenCVCameraConfig'>
DEBUG 2026-07-31 22:00:59 decoding.py:132 Decode name = fps, type = typing.Optional[int]
DEBUG 2026-07-31 22:00:59 decoding.py:132 Decode name = width, type = typing.Optional[int]
DEBUG 2026-07-31 22:00:59 decoding.py:132 Decode name = height, type = typing.Optional[int]
DEBUG 2026-07-31 22:00:59 decoding.py:132 Decode name = index_or_path, type = typing.Union[int, pathlib._local.Path]
DEBUG 2026-07-31 22:00:59 decoding.py:132 Decode name = id, type = typing.Optional[str]
DEBUG 2026-07-31 22:00:59 decoding.py:293 Decoding a Union field: typing.Optional[str]
DEBUG 2026-07-31 22:00:59 decoding.py:132 Decode name = actions_per_chunk, type = <class 'int'>
DEBUG 2026-07-31 22:00:59 decoding.py:132 Decode name = task, type = <class 'str'>
DEBUG 2026-07-31 22:00:59 decoding.py:132 Decode name = server_address, type = <class 'str'>
DEBUG 2026-07-31 22:00:59 decoding.py:132 Decode name = policy_device, type = <class 'str'>
DEBUG 2026-07-31 22:00:59 decoding.py:132 Decode name = chunk_size_threshold, type = <class 'float'>
DEBUG 2026-07-31 22:00:59 decoding.py:132 Decode name = fps, type = <class 'int'>
INFO 2026-07-31 22:00:59 t_client.py:486 {'actions_per_chunk': 50,
 'aggregate_fn_name': 'weighted_average',
 'chunk_size_threshold': 0.5,
 'client_device': 'cpu',
 'debug_visualize_queue_size': False,
 'fps': 30,
 'policy_device': 'cuda',
 'policy_type': 'pi05',
 'pretrained_name_or_path': '/home/ubuntu/flow-matching/outputs/train/pi05_ft_rig_v2/checkpoints/000500/pretrained_model',
 'robot': {'calibration_dir': None,
           'cameras': {'front': {'backend': <Cv2Backends.ANY: 0>,
                                 'color_mode': <ColorMode.RGB: 'rgb'>,
                                 'fourcc': None,
                                 'fps': 30,
                                 'height': 480,
                                 'index_or_path': PosixPath('/dev/video6'),
                                 'rotation': <Cv2Rotation.NO_ROTATION: 0>,
                                 'warmup_s': 1,
                                 'width': 640},
                       'wrist': {'backend': <Cv2Backends.ANY: 0>,
                                 'color_mode': <ColorMode.RGB: 'rgb'>,
                                 'fourcc': None,
                                 'fps': 30,
                                 'height': 480,
                                 'index_or_path': PosixPath('/dev/video4'),
                                 'rotation': <Cv2Rotation.NO_ROTATION: 0>,
                                 'warmup_s': 1,
                                 'width': 640}},
           'disable_torque_on_disconnect': True,
           'id': 'follower0',
           'max_relative_target': 80.0,
           'port': '/dev/ttyACM1',
           'use_degrees': True},
 'server_address': 'localhost:8080',
 'task': 'Pick up the toy boat and place it on the wooden disk.'}
DEBUG 2026-07-31 22:00:59 decoding.py:261 Decoding a Dict field: typing.Dict[str, lerobot.motors.motors_bus.MotorCalibration]
DEBUG 2026-07-31 22:00:59 decoding.py:112 from_dict for <class 'lerobot.motors.motors_bus.MotorCalibration'>
DEBUG 2026-07-31 22:00:59 decoding.py:132 Decode name = id, type = <class 'int'>
DEBUG 2026-07-31 22:00:59 decoding.py:132 Decode name = drive_mode, type = <class 'int'>
DEBUG 2026-07-31 22:00:59 decoding.py:132 Decode name = homing_offset, type = <class 'int'>
DEBUG 2026-07-31 22:00:59 decoding.py:132 Decode name = range_min, type = <class 'int'>
DEBUG 2026-07-31 22:00:59 decoding.py:132 Decode name = range_max, type = <class 'int'>
DEBUG 2026-07-31 22:00:59 decoding.py:112 from_dict for <class 'lerobot.motors.motors_bus.MotorCalibration'>
DEBUG 2026-07-31 22:00:59 decoding.py:132 Decode name = id, type = <class 'int'>
DEBUG 2026-07-31 22:00:59 decoding.py:132 Decode name = drive_mode, type = <class 'int'>
DEBUG 2026-07-31 22:00:59 decoding.py:132 Decode name = homing_offset, type = <class 'int'>
DEBUG 2026-07-31 22:00:59 decoding.py:132 Decode name = range_min, type = <class 'int'>
DEBUG 2026-07-31 22:00:59 decoding.py:132 Decode name = range_max, type = <class 'int'>
DEBUG 2026-07-31 22:00:59 decoding.py:112 from_dict for <class 'lerobot.motors.motors_bus.MotorCalibration'>
DEBUG 2026-07-31 22:00:59 decoding.py:132 Decode name = id, type = <class 'int'>
DEBUG 2026-07-31 22:00:59 decoding.py:132 Decode name = drive_mode, type = <class 'int'>
DEBUG 2026-07-31 22:00:59 decoding.py:132 Decode name = homing_offset, type = <class 'int'>
DEBUG 2026-07-31 22:00:59 decoding.py:132 Decode name = range_min, type = <class 'int'>
DEBUG 2026-07-31 22:00:59 decoding.py:132 Decode name = range_max, type = <class 'int'>
DEBUG 2026-07-31 22:00:59 decoding.py:112 from_dict for <class 'lerobot.motors.motors_bus.MotorCalibration'>
DEBUG 2026-07-31 22:00:59 decoding.py:132 Decode name = id, type = <class 'int'>
DEBUG 2026-07-31 22:00:59 decoding.py:132 Decode name = drive_mode, type = <class 'int'>
DEBUG 2026-07-31 22:00:59 decoding.py:132 Decode name = homing_offset, type = <class 'int'>
DEBUG 2026-07-31 22:00:59 decoding.py:132 Decode name = range_min, type = <class 'int'>
DEBUG 2026-07-31 22:00:59 decoding.py:132 Decode name = range_max, type = <class 'int'>
DEBUG 2026-07-31 22:00:59 decoding.py:112 from_dict for <class 'lerobot.motors.motors_bus.MotorCalibration'>
DEBUG 2026-07-31 22:00:59 decoding.py:132 Decode name = id, type = <class 'int'>
DEBUG 2026-07-31 22:00:59 decoding.py:132 Decode name = drive_mode, type = <class 'int'>
DEBUG 2026-07-31 22:00:59 decoding.py:132 Decode name = homing_offset, type = <class 'int'>
DEBUG 2026-07-31 22:00:59 decoding.py:132 Decode name = range_min, type = <class 'int'>
DEBUG 2026-07-31 22:00:59 decoding.py:132 Decode name = range_max, type = <class 'int'>
DEBUG 2026-07-31 22:00:59 decoding.py:112 from_dict for <class 'lerobot.motors.motors_bus.MotorCalibration'>
DEBUG 2026-07-31 22:00:59 decoding.py:132 Decode name = id, type = <class 'int'>
DEBUG 2026-07-31 22:00:59 decoding.py:132 Decode name = drive_mode, type = <class 'int'>
DEBUG 2026-07-31 22:00:59 decoding.py:132 Decode name = homing_offset, type = <class 'int'>
DEBUG 2026-07-31 22:00:59 decoding.py:132 Decode name = range_min, type = <class 'int'>
DEBUG 2026-07-31 22:00:59 decoding.py:132 Decode name = range_max, type = <class 'int'>
DEBUG 2026-07-31 22:00:59 ort_utils.py:65 Detected feetech-servo-sdk version: 1.0.0
DEBUG 2026-07-31 22:00:59 ort_utils.py:65 Detected pyserial version: 3.5
DEBUG 2026-07-31 22:00:59 ort_utils.py:65 Detected deepdiff version: 8.6.2
DEBUG 2026-07-31 22:00:59 tors_bus.py:527 FeetechMotorsBus connected.
INFO 2026-07-31 22:01:00 a_opencv.py:179 OpenCVCamera(/dev/video6) connected.
INFO 2026-07-31 22:01:01 a_opencv.py:179 OpenCVCamera(/dev/video4) connected.
INFO 2026-07-31 22:01:01 follower.py:109 follower0 SOFollower connected.
INFO 2026-07-31 22:01:01 t_client.py:114 Initializing client to connect to server at localhost:8080
INFO 2026-07-31 22:01:01 t_client.py:133 Robot connected and ready
DEBUG 2026-07-31 22:01:02 t_client.py:150 Connected to policy server in 0.5784s
INFO 2026-07-31 22:01:02 t_client.py:156 Sending policy instructions to policy server
DEBUG 2026-07-31 22:01:02 t_client.py:157 Policy type: pi05 | Pretrained name or path: /home/ubuntu/flow-matching/outputs/train/pi05_ft_rig_v2/checkpoints/000500/pretrained_model | Device: cuda
INFO 2026-07-31 22:02:32 t_client.py:495 Starting action receiver thread...
INFO 2026-07-31 22:02:32 t_client.py:462 Control loop thread starting
INFO 2026-07-31 22:02:32 t_client.py:273 Action receiving thread starting
DEBUG 2026-07-31 22:02:32 follower.py:188 follower0 SOFollower read state: 1.9ms
DEBUG 2026-07-31 22:02:32 follower.py:196 follower0 SOFollower read front: 0.0ms
DEBUG 2026-07-31 22:02:32 follower.py:196 follower0 SOFollower read wrist: 0.0ms
DEBUG 2026-07-31 22:02:32 t_client.py:198 Observation serialization time: 0.002358s
DEBUG 2026-07-31 22:02:32 ort/utils.py:54 [CLIENT] Observation Buffer size 1.7583627700805664 MB with
DEBUG 2026-07-31 22:02:32 ort/utils.py:69 [CLIENT] Observation Sent 1843777/1843777 bytes with state 3
DEBUG 2026-07-31 22:02:32 ort/utils.py:71 [CLIENT] Observation Published 1.7583627700805664 MB
DEBUG 2026-07-31 22:02:36 t_client.py:209 Sent observation #0 | 
DEBUG 2026-07-31 22:02:36 t_client.py:434 QUEUE SIZE: 0 (Must go: True)
DEBUG 2026-07-31 22:02:36 t_client.py:477 Control loop (ms): 3580.99
DEBUG 2026-07-31 22:02:36 follower.py:188 follower0 SOFollower read state: 1.8ms
DEBUG 2026-07-31 22:02:36 follower.py:196 follower0 SOFollower read front: 0.0ms
DEBUG 2026-07-31 22:02:36 follower.py:196 follower0 SOFollower read wrist: 0.0ms
DEBUG 2026-07-31 22:02:36 t_client.py:198 Observation serialization time: 0.000790s
DEBUG 2026-07-31 22:02:36 ort/utils.py:54 [CLIENT] Observation Buffer size 1.7583627700805664 MB with
DEBUG 2026-07-31 22:02:36 ort/utils.py:69 [CLIENT] Observation Sent 1843777/1843777 bytes with state 3
DEBUG 2026-07-31 22:02:36 ort/utils.py:71 [CLIENT] Observation Published 1.7583627700805664 MB
DEBUG 2026-07-31 22:02:41 t_client.py:209 Sent observation #0 | 
DEBUG 2026-07-31 22:02:41 t_client.py:434 QUEUE SIZE: 0 (Must go: False)
DEBUG 2026-07-31 22:02:41 t_client.py:477 Control loop (ms): 4503.75
DEBUG 2026-07-31 22:02:41 follower.py:188 follower0 SOFollower read state: 1.8ms
DEBUG 2026-07-31 22:02:41 follower.py:196 follower0 SOFollower read front: 0.0ms
DEBUG 2026-07-31 22:02:41 follower.py:196 follower0 SOFollower read wrist: 0.0ms
DEBUG 2026-07-31 22:02:41 t_client.py:198 Observation serialization time: 0.000746s
DEBUG 2026-07-31 22:02:41 ort/utils.py:54 [CLIENT] Observation Buffer size 1.7583627700805664 MB with
DEBUG 2026-07-31 22:02:41 ort/utils.py:69 [CLIENT] Observation Sent 1843777/1843777 bytes with state 3
DEBUG 2026-07-31 22:02:41 ort/utils.py:71 [CLIENT] Observation Published 1.7583627700805664 MB
DEBUG 2026-07-31 22:02:45 t_client.py:209 Sent observation #0 | 
DEBUG 2026-07-31 22:02:45 t_client.py:434 QUEUE SIZE: 0 (Must go: False)
DEBUG 2026-07-31 22:02:45 t_client.py:477 Control loop (ms): 4643.04
DEBUG 2026-07-31 22:02:45 follower.py:188 follower0 SOFollower read state: 2.1ms
DEBUG 2026-07-31 22:02:45 follower.py:196 follower0 SOFollower read front: 0.0ms
DEBUG 2026-07-31 22:02:45 follower.py:196 follower0 SOFollower read wrist: 0.0ms
DEBUG 2026-07-31 22:02:45 t_client.py:198 Observation serialization time: 0.000962s
DEBUG 2026-07-31 22:02:45 ort/utils.py:54 [CLIENT] Observation Buffer size 1.7583627700805664 MB with
DEBUG 2026-07-31 22:02:45 ort/utils.py:69 [CLIENT] Observation Sent 1843777/1843777 bytes with state 3
DEBUG 2026-07-31 22:02:45 ort/utils.py:71 [CLIENT] Observation Published 1.7583627700805664 MB
DEBUG 2026-07-31 22:02:50 t_client.py:209 Sent observation #0 | 
DEBUG 2026-07-31 22:02:50 t_client.py:434 QUEUE SIZE: 0 (Must go: False)
DEBUG 2026-07-31 22:02:50 t_client.py:477 Control loop (ms): 5039.80
DEBUG 2026-07-31 22:02:50 follower.py:188 follower0 SOFollower read state: 1.5ms
DEBUG 2026-07-31 22:02:50 follower.py:196 follower0 SOFollower read front: 0.0ms
DEBUG 2026-07-31 22:02:50 follower.py:196 follower0 SOFollower read wrist: 0.0ms
DEBUG 2026-07-31 22:02:50 t_client.py:198 Observation serialization time: 0.000674s
DEBUG 2026-07-31 22:02:50 ort/utils.py:54 [CLIENT] Observation Buffer size 1.7583627700805664 MB with
DEBUG 2026-07-31 22:02:50 ort/utils.py:69 [CLIENT] Observation Sent 1843777/1843777 bytes with state 3
DEBUG 2026-07-31 22:02:50 ort/utils.py:71 [CLIENT] Observation Published 1.7583627700805664 MB
DEBUG 2026-07-31 22:02:56 t_client.py:209 Sent observation #0 | 
DEBUG 2026-07-31 22:02:56 t_client.py:434 QUEUE SIZE: 0 (Must go: False)
DEBUG 2026-07-31 22:02:56 t_client.py:477 Control loop (ms): 5837.06
DEBUG 2026-07-31 22:02:56 follower.py:188 follower0 SOFollower read state: 1.7ms
DEBUG 2026-07-31 22:02:56 follower.py:196 follower0 SOFollower read front: 0.0ms
DEBUG 2026-07-31 22:02:56 follower.py:196 follower0 SOFollower read wrist: 0.0ms
DEBUG 2026-07-31 22:02:56 t_client.py:198 Observation serialization time: 0.000727s
DEBUG 2026-07-31 22:02:56 ort/utils.py:54 [CLIENT] Observation Buffer size 1.7583627700805664 MB with
DEBUG 2026-07-31 22:02:56 ort/utils.py:69 [CLIENT] Observation Sent 1843777/1843777 bytes with state 3
DEBUG 2026-07-31 22:02:56 ort/utils.py:71 [CLIENT] Observation Published 1.7583627700805664 MB
DEBUG 2026-07-31 22:03:01 t_client.py:209 Sent observation #0 | 
DEBUG 2026-07-31 22:03:01 t_client.py:434 QUEUE SIZE: 0 (Must go: False)
DEBUG 2026-07-31 22:03:01 t_client.py:477 Control loop (ms): 4831.45
DEBUG 2026-07-31 22:03:01 follower.py:188 follower0 SOFollower read state: 1.6ms
DEBUG 2026-07-31 22:03:01 follower.py:196 follower0 SOFollower read front: 0.0ms
DEBUG 2026-07-31 22:03:01 follower.py:196 follower0 SOFollower read wrist: 0.0ms
DEBUG 2026-07-31 22:03:01 t_client.py:198 Observation serialization time: 0.000611s
DEBUG 2026-07-31 22:03:01 ort/utils.py:54 [CLIENT] Observation Buffer size 1.7583627700805664 MB with
DEBUG 2026-07-31 22:03:01 ort/utils.py:69 [CLIENT] Observation Sent 1843777/1843777 bytes with state 3
DEBUG 2026-07-31 22:03:01 ort/utils.py:71 [CLIENT] Observation Published 1.7583627700805664 MB
DEBUG 2026-07-31 22:03:06 t_client.py:209 Sent observation #0 | 
DEBUG 2026-07-31 22:03:06 t_client.py:434 QUEUE SIZE: 0 (Must go: False)
DEBUG 2026-07-31 22:03:06 t_client.py:477 Control loop (ms): 5445.49
DEBUG 2026-07-31 22:03:06 follower.py:188 follower0 SOFollower read state: 1.5ms
DEBUG 2026-07-31 22:03:06 follower.py:196 follower0 SOFollower read front: 0.0ms
DEBUG 2026-07-31 22:03:06 follower.py:196 follower0 SOFollower read wrist: 0.0ms
DEBUG 2026-07-31 22:03:06 t_client.py:198 Observation serialization time: 0.000582s
DEBUG 2026-07-31 22:03:06 ort/utils.py:54 [CLIENT] Observation Buffer size 1.7583627700805664 MB with
DEBUG 2026-07-31 22:03:06 ort/utils.py:69 [CLIENT] Observation Sent 1843777/1843777 bytes with state 3
DEBUG 2026-07-31 22:03:06 ort/utils.py:71 [CLIENT] Observation Published 1.7583627700805664 MB
DEBUG 2026-07-31 22:03:11 t_client.py:209 Sent observation #0 | 
DEBUG 2026-07-31 22:03:11 t_client.py:434 QUEUE SIZE: 0 (Must go: False)
DEBUG 2026-07-31 22:03:11 t_client.py:477 Control loop (ms): 5082.21
DEBUG 2026-07-31 22:03:11 follower.py:188 follower0 SOFollower read state: 1.5ms
DEBUG 2026-07-31 22:03:11 follower.py:196 follower0 SOFollower read front: 0.0ms
DEBUG 2026-07-31 22:03:11 follower.py:196 follower0 SOFollower read wrist: 0.0ms
DEBUG 2026-07-31 22:03:11 t_client.py:198 Observation serialization time: 0.000448s
DEBUG 2026-07-31 22:03:11 ort/utils.py:54 [CLIENT] Observation Buffer size 1.7583627700805664 MB with
DEBUG 2026-07-31 22:03:11 ort/utils.py:69 [CLIENT] Observation Sent 1843777/1843777 bytes with state 3
DEBUG 2026-07-31 22:03:11 ort/utils.py:71 [CLIENT] Observation Published 1.7583627700805664 MB
DEBUG 2026-07-31 22:03:15 t_client.py:209 Sent observation #0 | 
DEBUG 2026-07-31 22:03:15 t_client.py:434 QUEUE SIZE: 0 (Must go: False)
DEBUG 2026-07-31 22:03:15 t_client.py:477 Control loop (ms): 3686.71
DEBUG 2026-07-31 22:03:15 follower.py:188 follower0 SOFollower read state: 1.8ms
DEBUG 2026-07-31 22:03:15 follower.py:196 follower0 SOFollower read front: 0.0ms
DEBUG 2026-07-31 22:03:15 follower.py:196 follower0 SOFollower read wrist: 0.0ms
DEBUG 2026-07-31 22:03:15 t_client.py:198 Observation serialization time: 0.000844s
DEBUG 2026-07-31 22:03:15 ort/utils.py:54 [CLIENT] Observation Buffer size 1.7583627700805664 MB with
DEBUG 2026-07-31 22:03:15 ort/utils.py:69 [CLIENT] Observation Sent 1843777/1843777 bytes with state 3
DEBUG 2026-07-31 22:03:15 ort/utils.py:71 [CLIENT] Observation Published 1.7583627700805664 MB
DEBUG 2026-07-31 22:03:18 t_client.py:209 Sent observation #0 | 
DEBUG 2026-07-31 22:03:18 t_client.py:434 QUEUE SIZE: 0 (Must go: False)
DEBUG 2026-07-31 22:03:18 t_client.py:477 Control loop (ms): 3048.64
DEBUG 2026-07-31 22:03:18 follower.py:188 follower0 SOFollower read state: 1.8ms
DEBUG 2026-07-31 22:03:18 follower.py:196 follower0 SOFollower read front: 0.0ms
DEBUG 2026-07-31 22:03:18 follower.py:196 follower0 SOFollower read wrist: 0.0ms
DEBUG 2026-07-31 22:03:18 t_client.py:198 Observation serialization time: 0.000797s
DEBUG 2026-07-31 22:03:18 ort/utils.py:54 [CLIENT] Observation Buffer size 1.7583627700805664 MB with
DEBUG 2026-07-31 22:03:18 ort/utils.py:69 [CLIENT] Observation Sent 1843777/1843777 bytes with state 3
DEBUG 2026-07-31 22:03:18 ort/utils.py:71 [CLIENT] Observation Published 1.7583627700805664 MB
DEBUG 2026-07-31 22:03:23 t_client.py:209 Sent observation #0 | 
DEBUG 2026-07-31 22:03:23 t_client.py:434 QUEUE SIZE: 0 (Must go: False)
DEBUG 2026-07-31 22:03:23 t_client.py:477 Control loop (ms): 4591.84
DEBUG 2026-07-31 22:03:23 follower.py:188 follower0 SOFollower read state: 1.8ms
DEBUG 2026-07-31 22:03:23 follower.py:196 follower0 SOFollower read front: 0.0ms
DEBUG 2026-07-31 22:03:23 follower.py:196 follower0 SOFollower read wrist: 0.0ms
DEBUG 2026-07-31 22:03:23 t_client.py:198 Observation serialization time: 0.000667s
DEBUG 2026-07-31 22:03:23 ort/utils.py:54 [CLIENT] Observation Buffer size 1.7583627700805664 MB with
DEBUG 2026-07-31 22:03:23 ort/utils.py:69 [CLIENT] Observation Sent 1843777/1843777 bytes with state 3
DEBUG 2026-07-31 22:03:23 ort/utils.py:71 [CLIENT] Observation Published 1.7583627700805664 MB
DEBUG 2026-07-31 22:03:27 t_client.py:209 Sent observation #0 | 
DEBUG 2026-07-31 22:03:27 t_client.py:434 QUEUE SIZE: 0 (Must go: False)
DEBUG 2026-07-31 22:03:27 t_client.py:477 Control loop (ms): 4514.85
DEBUG 2026-07-31 22:03:27 follower.py:188 follower0 SOFollower read state: 1.5ms
DEBUG 2026-07-31 22:03:27 follower.py:196 follower0 SOFollower read front: 0.0ms
DEBUG 2026-07-31 22:03:27 follower.py:196 follower0 SOFollower read wrist: 0.0ms
DEBUG 2026-07-31 22:03:27 t_client.py:198 Observation serialization time: 0.000659s
DEBUG 2026-07-31 22:03:27 ort/utils.py:54 [CLIENT] Observation Buffer size 1.7583627700805664 MB with
DEBUG 2026-07-31 22:03:27 ort/utils.py:69 [CLIENT] Observation Sent 1843777/1843777 bytes with state 3
DEBUG 2026-07-31 22:03:27 ort/utils.py:71 [CLIENT] Observation Published 1.7583627700805664 MB
DEBUG 2026-07-31 22:03:34 t_client.py:209 Sent observation #0 | 
DEBUG 2026-07-31 22:03:34 t_client.py:434 QUEUE SIZE: 0 (Must go: False)
DEBUG 2026-07-31 22:03:34 t_client.py:477 Control loop (ms): 6619.41
DEBUG 2026-07-31 22:03:34 follower.py:188 follower0 SOFollower read state: 1.8ms
DEBUG 2026-07-31 22:03:34 follower.py:196 follower0 SOFollower read front: 0.0ms
DEBUG 2026-07-31 22:03:34 follower.py:196 follower0 SOFollower read wrist: 0.0ms
DEBUG 2026-07-31 22:03:34 t_client.py:198 Observation serialization time: 0.000609s
DEBUG 2026-07-31 22:03:34 ort/utils.py:54 [CLIENT] Observation Buffer size 1.7583627700805664 MB with
DEBUG 2026-07-31 22:03:34 ort/utils.py:69 [CLIENT] Observation Sent 1843777/1843777 bytes with state 3
DEBUG 2026-07-31 22:03:34 ort/utils.py:71 [CLIENT] Observation Published 1.7583627700805664 MB
DEBUG 2026-07-31 22:03:43 t_client.py:209 Sent observation #0 | 
DEBUG 2026-07-31 22:03:43 t_client.py:434 QUEUE SIZE: 0 (Must go: False)
DEBUG 2026-07-31 22:03:43 t_client.py:477 Control loop (ms): 8806.39
DEBUG 2026-07-31 22:03:43 follower.py:188 follower0 SOFollower read state: 1.7ms
DEBUG 2026-07-31 22:03:43 follower.py:196 follower0 SOFollower read front: 0.0ms
DEBUG 2026-07-31 22:03:43 follower.py:196 follower0 SOFollower read wrist: 0.0ms
DEBUG 2026-07-31 22:03:43 t_client.py:198 Observation serialization time: 0.000702s
DEBUG 2026-07-31 22:03:43 ort/utils.py:54 [CLIENT] Observation Buffer size 1.7583627700805664 MB with
DEBUG 2026-07-31 22:03:43 ort/utils.py:69 [CLIENT] Observation Sent 1843777/1843777 bytes with state 3
DEBUG 2026-07-31 22:03:43 ort/utils.py:71 [CLIENT] Observation Published 1.7583627700805664 MB
DEBUG 2026-07-31 22:03:49 t_client.py:209 Sent observation #0 | 
DEBUG 2026-07-31 22:03:49 t_client.py:434 QUEUE SIZE: 0 (Must go: False)
DEBUG 2026-07-31 22:03:49 t_client.py:477 Control loop (ms): 6517.22
DEBUG 2026-07-31 22:03:49 follower.py:188 follower0 SOFollower read state: 1.5ms
DEBUG 2026-07-31 22:03:49 follower.py:196 follower0 SOFollower read front: 0.0ms
DEBUG 2026-07-31 22:03:49 follower.py:196 follower0 SOFollower read wrist: 0.0ms
DEBUG 2026-07-31 22:03:49 t_client.py:198 Observation serialization time: 0.000583s
DEBUG 2026-07-31 22:03:49 ort/utils.py:54 [CLIENT] Observation Buffer size 1.7583627700805664 MB with
DEBUG 2026-07-31 22:03:49 ort/utils.py:69 [CLIENT] Observation Sent 1843777/1843777 bytes with state 3
DEBUG 2026-07-31 22:03:49 ort/utils.py:71 [CLIENT] Observation Published 1.7583627700805664 MB
DEBUG 2026-07-31 22:03:55 t_client.py:209 Sent observation #0 | 
DEBUG 2026-07-31 22:03:55 t_client.py:434 QUEUE SIZE: 0 (Must go: False)
DEBUG 2026-07-31 22:03:55 t_client.py:477 Control loop (ms): 6134.50
DEBUG 2026-07-31 22:03:55 follower.py:188 follower0 SOFollower read state: 1.5ms
DEBUG 2026-07-31 22:03:55 follower.py:196 follower0 SOFollower read front: 0.0ms
DEBUG 2026-07-31 22:03:55 follower.py:196 follower0 SOFollower read wrist: 0.0ms
DEBUG 2026-07-31 22:03:55 t_client.py:198 Observation serialization time: 0.000967s
DEBUG 2026-07-31 22:03:55 ort/utils.py:54 [CLIENT] Observation Buffer size 1.7583627700805664 MB with
DEBUG 2026-07-31 22:03:55 ort/utils.py:69 [CLIENT] Observation Sent 1843777/1843777 bytes with state 3
DEBUG 2026-07-31 22:03:55 ort/utils.py:71 [CLIENT] Observation Published 1.7583627700805664 MB
DEBUG 2026-07-31 22:04:00 t_client.py:209 Sent observation #0 | 
DEBUG 2026-07-31 22:04:00 t_client.py:434 QUEUE SIZE: 0 (Must go: False)
DEBUG 2026-07-31 22:04:00 t_client.py:477 Control loop (ms): 5133.84
DEBUG 2026-07-31 22:04:00 follower.py:188 follower0 SOFollower read state: 1.7ms
DEBUG 2026-07-31 22:04:00 follower.py:196 follower0 SOFollower read front: 0.0ms
DEBUG 2026-07-31 22:04:00 follower.py:196 follower0 SOFollower read wrist: 0.0ms
DEBUG 2026-07-31 22:04:00 t_client.py:198 Observation serialization time: 0.000608s
DEBUG 2026-07-31 22:04:00 ort/utils.py:54 [CLIENT] Observation Buffer size 1.7583627700805664 MB with
DEBUG 2026-07-31 22:04:00 ort/utils.py:69 [CLIENT] Observation Sent 1843777/1843777 bytes with state 3
DEBUG 2026-07-31 22:04:00 ort/utils.py:71 [CLIENT] Observation Published 1.7583627700805664 MB
DEBUG 2026-07-31 22:04:04 t_client.py:209 Sent observation #0 | 
DEBUG 2026-07-31 22:04:04 t_client.py:434 QUEUE SIZE: 0 (Must go: False)
DEBUG 2026-07-31 22:04:04 t_client.py:477 Control loop (ms): 3276.58
DEBUG 2026-07-31 22:04:04 follower.py:188 follower0 SOFollower read state: 1.5ms
DEBUG 2026-07-31 22:04:04 follower.py:196 follower0 SOFollower read front: 0.0ms
DEBUG 2026-07-31 22:04:04 follower.py:196 follower0 SOFollower read wrist: 0.0ms
DEBUG 2026-07-31 22:04:04 t_client.py:198 Observation serialization time: 0.000737s
DEBUG 2026-07-31 22:04:04 ort/utils.py:54 [CLIENT] Observation Buffer size 1.7583627700805664 MB with
DEBUG 2026-07-31 22:04:04 ort/utils.py:69 [CLIENT] Observation Sent 1843777/1843777 bytes with state 3
DEBUG 2026-07-31 22:04:04 ort/utils.py:71 [CLIENT] Observation Published 1.7583627700805664 MB
DEBUG 2026-07-31 22:04:07 t_client.py:209 Sent observation #0 | 
DEBUG 2026-07-31 22:04:07 t_client.py:434 QUEUE SIZE: 0 (Must go: False)
DEBUG 2026-07-31 22:04:07 t_client.py:477 Control loop (ms): 2946.18
DEBUG 2026-07-31 22:04:07 follower.py:188 follower0 SOFollower read state: 1.6ms
DEBUG 2026-07-31 22:04:07 follower.py:196 follower0 SOFollower read front: 0.0ms
DEBUG 2026-07-31 22:04:07 follower.py:196 follower0 SOFollower read wrist: 0.0ms
DEBUG 2026-07-31 22:04:07 t_client.py:198 Observation serialization time: 0.000605s
DEBUG 2026-07-31 22:04:07 ort/utils.py:54 [CLIENT] Observation Buffer size 1.7583627700805664 MB with
DEBUG 2026-07-31 22:04:07 ort/utils.py:69 [CLIENT] Observation Sent 1843777/1843777 bytes with state 3
DEBUG 2026-07-31 22:04:07 ort/utils.py:71 [CLIENT] Observation Published 1.7583627700805664 MB
DEBUG 2026-07-31 22:04:10 t_client.py:209 Sent observation #0 | 
DEBUG 2026-07-31 22:04:10 t_client.py:434 QUEUE SIZE: 0 (Must go: False)
DEBUG 2026-07-31 22:04:10 t_client.py:477 Control loop (ms): 3582.79
DEBUG 2026-07-31 22:04:10 follower.py:188 follower0 SOFollower read state: 1.6ms
DEBUG 2026-07-31 22:04:10 follower.py:196 follower0 SOFollower read front: 0.0ms
DEBUG 2026-07-31 22:04:10 follower.py:196 follower0 SOFollower read wrist: 0.0ms
DEBUG 2026-07-31 22:04:10 t_client.py:198 Observation serialization time: 0.000511s
DEBUG 2026-07-31 22:04:10 ort/utils.py:54 [CLIENT] Observation Buffer size 1.7583627700805664 MB with
DEBUG 2026-07-31 22:04:10 ort/utils.py:69 [CLIENT] Observation Sent 1843777/1843777 bytes with state 3
DEBUG 2026-07-31 22:04:10 ort/utils.py:71 [CLIENT] Observation Published 1.7583627700805664 MB
DEBUG 2026-07-31 22:04:13 tors_bus.py:561 FeetechMotorsBus disconnected.
INFO 2026-07-31 22:04:13 a_opencv.py:601 OpenCVCamera(/dev/video6) disconnected.
INFO 2026-07-31 22:04:13 a_opencv.py:601 OpenCVCamera(/dev/video4) disconnected.
INFO 2026-07-31 22:04:13 follower.py:240 follower0 SOFollower disconnected.
DEBUG 2026-07-31 22:04:13 t_client.py:178 Robot disconnected
DEBUG 2026-07-31 22:04:13 t_client.py:181 Client stopped, channel closed
ERROR 2026-07-31 22:04:13 t_client.py:359 Error receiving actions: <_InactiveRpcError of RPC that terminated with:
	status = StatusCode.CANCELLED
	details = "Channel closed!"
	debug_error_string = "CANCELLED:Channel closed!"
>
INFO 2026-07-31 22:04:13 t_client.py:512 Client stopped
